mode: set
github.com/danhbuidcn/go_backend_api/tests/basic/main.go:3.26,5.2 1 1
